CI monitor started at Tue Apr 14 11:33:14 UTC 2026
Timeout=1800s interval=30s
[2026-04-14T11:33:14Z] check tag=v1.0.7 status=401
[2026-04-14T11:33:14Z] check tag=staging status=401
[2026-04-14T11:33:14Z] check tag=latest status=401
[2026-04-14T11:33:39Z] check tag=v1.0.0 status=401
[2026-04-14T11:33:39Z] check tag=latest status=401
[2026-04-14T11:33:45Z] check tag=v1.0.7 status=401
[2026-04-14T11:33:45Z] check tag=staging status=401
[2026-04-14T11:33:45Z] check tag=latest status=401
[2026-04-14T11:34:09Z] check tag=v1.0.0 status=401
[2026-04-14T11:34:09Z] check tag=latest status=401
[2026-04-14T11:34:15Z] check tag=v1.0.7 status=401
[2026-04-14T11:34:15Z] check tag=staging status=401
[2026-04-14T11:34:16Z] check tag=latest status=401
[2026-04-14T11:34:39Z] check tag=v1.0.0 status=401
[2026-04-14T11:34:39Z] check tag=latest status=401
[2026-04-14T11:34:46Z] check tag=v1.0.7 status=401
[2026-04-14T11:34:46Z] check tag=staging status=401
[2026-04-14T11:34:46Z] check tag=latest status=401
[2026-04-14T11:35:10Z] check tag=v1.0.0 status=401
[2026-04-14T11:35:10Z] check tag=latest status=401
[2026-04-14T11:35:16Z] check tag=v1.0.7 status=401
[2026-04-14T11:35:16Z] check tag=staging status=401
[2026-04-14T11:35:17Z] check tag=latest status=401
[2026-04-14T11:35:40Z] check tag=v1.0.0 status=401
[2026-04-14T11:35:40Z] check tag=latest status=401
[2026-04-14T11:35:47Z] check tag=v1.0.7 status=401
[2026-04-14T11:35:47Z] check tag=staging status=401
[2026-04-14T11:35:47Z] check tag=latest status=401
[2026-04-14T11:36:10Z] check tag=v1.0.0 status=401
[2026-04-14T11:36:11Z] check tag=latest status=401
[2026-04-14T11:36:17Z] check tag=v1.0.7 status=401
[2026-04-14T11:36:18Z] check tag=staging status=401
[2026-04-14T11:36:18Z] check tag=latest status=401
[2026-04-14T11:36:41Z] check tag=v1.0.0 status=401
[2026-04-14T11:36:41Z] check tag=latest status=401
[2026-04-14T11:36:48Z] check tag=v1.0.7 status=401
[2026-04-14T11:36:48Z] check tag=staging status=401
[2026-04-14T11:36:48Z] check tag=latest status=401
[2026-04-14T11:37:11Z] check tag=v1.0.0 status=401
[2026-04-14T11:37:11Z] check tag=latest status=401
[2026-04-14T11:37:18Z] check tag=v1.0.7 status=401
[2026-04-14T11:37:19Z] check tag=staging status=401
[2026-04-14T11:37:19Z] check tag=latest status=401
[2026-04-14T11:37:42Z] check tag=v1.0.0 status=401
[2026-04-14T11:37:42Z] check tag=latest status=401
[2026-04-14T11:37:49Z] check tag=v1.0.7 status=401
[2026-04-14T11:37:49Z] check tag=staging status=401
[2026-04-14T11:37:49Z] check tag=latest status=401
[2026-04-14T11:38:12Z] check tag=v1.0.0 status=401
[2026-04-14T11:38:12Z] check tag=latest status=401
[2026-04-14T11:38:20Z] check tag=v1.0.7 status=401
[2026-04-14T11:38:20Z] check tag=staging status=401
[2026-04-14T11:38:20Z] check tag=latest status=401
[2026-04-14T11:38:42Z] check tag=v1.0.0 status=401
[2026-04-14T11:38:42Z] check tag=latest status=401
[2026-04-14T11:38:50Z] check tag=v1.0.7 status=401
[2026-04-14T11:38:50Z] check tag=staging status=401
[2026-04-14T11:38:50Z] check tag=latest status=401
[2026-04-14T11:39:13Z] check tag=v1.0.0 status=401
[2026-04-14T11:39:13Z] check tag=latest status=401
[2026-04-14T11:39:21Z] check tag=v1.0.7 status=401
[2026-04-14T11:39:21Z] check tag=staging status=401
[2026-04-14T11:39:21Z] check tag=latest status=401
[2026-04-14T11:39:43Z] check tag=v1.0.0 status=401
[2026-04-14T11:39:43Z] check tag=latest status=401
[2026-04-14T11:39:51Z] check tag=v1.0.7 status=401
[2026-04-14T11:39:51Z] check tag=staging status=401
[2026-04-14T11:39:52Z] check tag=latest status=401
[2026-04-14T11:40:13Z] check tag=v1.0.0 status=401
[2026-04-14T11:40:14Z] check tag=latest status=401
[2026-04-14T11:40:22Z] check tag=v1.0.7 status=401
[2026-04-14T11:40:22Z] check tag=staging status=401
[2026-04-14T11:40:22Z] check tag=latest status=401
[2026-04-14T11:40:44Z] check tag=v1.0.0 status=401
[2026-04-14T11:40:44Z] check tag=latest status=401
[2026-04-14T11:40:52Z] check tag=v1.0.7 status=401
[2026-04-14T11:40:52Z] check tag=staging status=401
[2026-04-14T11:40:53Z] check tag=latest status=401
[2026-04-14T11:41:14Z] check tag=v1.0.0 status=401
[2026-04-14T11:41:15Z] check tag=latest status=401
[2026-04-14T11:41:23Z] check tag=v1.0.7 status=401
[2026-04-14T11:41:23Z] check tag=staging status=401
[2026-04-14T11:41:23Z] check tag=latest status=401
[2026-04-14T11:41:45Z] check tag=v1.0.0 status=401
[2026-04-14T11:41:45Z] check tag=latest status=401
[2026-04-14T11:41:53Z] check tag=v1.0.7 status=401
[2026-04-14T11:41:54Z] check tag=staging status=401
[2026-04-14T11:41:54Z] check tag=latest status=401
[2026-04-14T11:42:15Z] check tag=v1.0.0 status=401
[2026-04-14T11:42:15Z] check tag=latest status=401
[2026-04-14T11:42:24Z] check tag=v1.0.7 status=401
[2026-04-14T11:42:24Z] check tag=staging status=401
[2026-04-14T11:42:24Z] check tag=latest status=401
[2026-04-14T11:42:45Z] check tag=v1.0.0 status=401
[2026-04-14T11:42:46Z] check tag=latest status=401
[2026-04-14T11:42:54Z] check tag=v1.0.7 status=401
[2026-04-14T11:42:55Z] check tag=staging status=401
[2026-04-14T11:42:55Z] check tag=latest status=401
[2026-04-14T11:43:16Z] check tag=v1.0.0 status=401
[2026-04-14T11:43:16Z] check tag=latest status=401
[2026-04-14T11:43:25Z] check tag=v1.0.7 status=401
[2026-04-14T11:43:25Z] check tag=staging status=401
[2026-04-14T11:43:25Z] check tag=latest status=401
[2026-04-14T11:43:46Z] check tag=v1.0.0 status=401
[2026-04-14T11:43:46Z] check tag=latest status=401
[2026-04-14T11:43:56Z] check tag=v1.0.7 status=401
[2026-04-14T11:43:56Z] check tag=staging status=401
[2026-04-14T11:43:56Z] check tag=latest status=401
[2026-04-14T11:44:17Z] check tag=v1.0.0 status=401
[2026-04-14T11:44:17Z] check tag=latest status=401
[2026-04-14T11:44:26Z] check tag=v1.0.7 status=401
[2026-04-14T11:44:26Z] check tag=staging status=401
[2026-04-14T11:44:26Z] check tag=latest status=401
[2026-04-14T11:44:47Z] check tag=v1.0.0 status=401
[2026-04-14T11:44:47Z] check tag=latest status=401
[2026-04-14T11:44:57Z] check tag=v1.0.7 status=401
[2026-04-14T11:44:57Z] check tag=staging status=401
[2026-04-14T11:44:57Z] check tag=latest status=401
[2026-04-14T11:45:17Z] check tag=v1.0.0 status=401
[2026-04-14T11:45:18Z] check tag=latest status=401
[2026-04-14T11:45:27Z] check tag=v1.0.7 status=401
[2026-04-14T11:45:27Z] check tag=staging status=401
[2026-04-14T11:45:28Z] check tag=latest status=401
[2026-04-14T11:45:48Z] check tag=v1.0.0 status=401
[2026-04-14T11:45:48Z] check tag=latest status=401
[2026-04-14T11:45:58Z] check tag=v1.0.7 status=401
[2026-04-14T11:45:58Z] check tag=staging status=401
[2026-04-14T11:45:58Z] check tag=latest status=401
[2026-04-14T11:46:18Z] check tag=v1.0.0 status=401
[2026-04-14T11:46:18Z] check tag=latest status=401
[2026-04-14T11:46:28Z] check tag=v1.0.7 status=401
[2026-04-14T11:46:29Z] check tag=staging status=401
[2026-04-14T11:46:29Z] check tag=latest status=401
[2026-04-14T11:46:48Z] check tag=v1.0.0 status=401
[2026-04-14T11:46:49Z] check tag=latest status=401
[2026-04-14T11:46:59Z] check tag=v1.0.7 status=401
[2026-04-14T11:46:59Z] check tag=staging status=401
[2026-04-14T11:46:59Z] check tag=latest status=401
[2026-04-14T11:47:19Z] check tag=v1.0.0 status=401
[2026-04-14T11:47:19Z] check tag=latest status=401
[2026-04-14T11:47:30Z] check tag=v1.0.7 status=401
[2026-04-14T11:47:30Z] check tag=staging status=401
[2026-04-14T11:47:30Z] check tag=latest status=401
[2026-04-14T11:47:49Z] check tag=v1.0.0 status=401
[2026-04-14T11:47:49Z] check tag=latest status=401
[2026-04-14T11:48:00Z] check tag=v1.0.7 status=401
[2026-04-14T11:48:00Z] check tag=staging status=401
[2026-04-14T11:48:00Z] check tag=latest status=401
[2026-04-14T11:48:20Z] check tag=v1.0.0 status=401
[2026-04-14T11:48:20Z] check tag=latest status=401
[2026-04-14T11:48:31Z] check tag=v1.0.7 status=401
[2026-04-14T11:48:31Z] check tag=staging status=401
[2026-04-14T11:48:31Z] check tag=latest status=401
[2026-04-14T11:48:50Z] check tag=v1.0.0 status=401
[2026-04-14T11:48:50Z] check tag=latest status=401
[2026-04-14T11:49:01Z] check tag=v1.0.7 status=401
[2026-04-14T11:49:01Z] check tag=staging status=401
[2026-04-14T11:49:02Z] check tag=latest status=401
[2026-04-14T11:49:20Z] check tag=v1.0.0 status=401
[2026-04-14T11:49:21Z] check tag=latest status=401
[2026-04-14T11:49:32Z] check tag=v1.0.7 status=401
[2026-04-14T11:49:32Z] check tag=staging status=401
[2026-04-14T11:49:32Z] check tag=latest status=401
[2026-04-14T11:49:51Z] check tag=v1.0.0 status=401
[2026-04-14T11:49:51Z] check tag=latest status=401
[2026-04-14T11:50:02Z] check tag=v1.0.7 status=401
[2026-04-14T11:50:03Z] check tag=staging status=401
[2026-04-14T11:50:03Z] check tag=latest status=401
[2026-04-14T11:50:21Z] check tag=v1.0.0 status=401
[2026-04-14T11:50:21Z] check tag=latest status=401
[2026-04-14T11:50:33Z] check tag=v1.0.7 status=401
[2026-04-14T11:50:33Z] check tag=staging status=401
[2026-04-14T11:50:33Z] check tag=latest status=401
[2026-04-14T11:50:51Z] check tag=v1.0.0 status=401
[2026-04-14T11:50:52Z] check tag=latest status=401
[2026-04-14T11:51:03Z] check tag=v1.0.7 status=401
[2026-04-14T11:51:04Z] check tag=staging status=401
[2026-04-14T11:51:04Z] check tag=latest status=401
[2026-04-14T11:51:22Z] check tag=v1.0.0 status=401
[2026-04-14T11:51:22Z] check tag=latest status=401
[2026-04-14T11:51:34Z] check tag=v1.0.7 status=401
[2026-04-14T11:51:34Z] check tag=staging status=401
[2026-04-14T11:51:34Z] check tag=latest status=401
[2026-04-14T11:52:05Z] check tag=v1.0.7 status=401
[2026-04-14T11:52:05Z] check tag=staging status=401
[2026-04-14T11:52:05Z] check tag=latest status=401
[2026-04-14T11:52:35Z] check tag=v1.0.7 status=401
[2026-04-14T11:52:35Z] check tag=staging status=401
[2026-04-14T11:52:36Z] check tag=latest status=401
[2026-04-14T11:53:06Z] check tag=v1.0.7 status=401
[2026-04-14T11:53:06Z] check tag=staging status=401
[2026-04-14T11:53:06Z] check tag=latest status=401
[2026-04-14T11:53:36Z] check tag=v1.0.7 status=401
[2026-04-14T11:53:37Z] check tag=staging status=401
[2026-04-14T11:53:37Z] check tag=latest status=401
[2026-04-14T11:54:07Z] check tag=v1.0.7 status=401
[2026-04-14T11:54:07Z] check tag=staging status=401
[2026-04-14T11:54:07Z] check tag=latest status=401
[2026-04-14T11:54:37Z] check tag=v1.0.7 status=401
[2026-04-14T11:54:38Z] check tag=staging status=401
[2026-04-14T11:54:38Z] check tag=latest status=401
[2026-04-14T11:55:08Z] check tag=v1.0.7 status=401
[2026-04-14T11:55:08Z] check tag=staging status=401
[2026-04-14T11:55:08Z] check tag=latest status=401
[2026-04-14T11:55:39Z] check tag=v1.0.7 status=401
[2026-04-14T11:55:39Z] check tag=staging status=401
[2026-04-14T11:55:39Z] check tag=latest status=401
[2026-04-14T11:56:09Z] check tag=v1.0.7 status=401
[2026-04-14T11:56:09Z] check tag=staging status=401
[2026-04-14T11:56:10Z] check tag=latest status=401
[2026-04-14T11:56:40Z] check tag=v1.0.7 status=401
[2026-04-14T11:56:40Z] check tag=staging status=401
[2026-04-14T11:56:40Z] check tag=latest status=401
[2026-04-14T11:57:10Z] check tag=v1.0.7 status=401
[2026-04-14T11:57:11Z] check tag=staging status=401
[2026-04-14T11:57:11Z] check tag=latest status=401
[2026-04-14T11:57:41Z] check tag=v1.0.7 status=401
[2026-04-14T11:57:41Z] check tag=staging status=401
[2026-04-14T11:57:41Z] check tag=latest status=401
[2026-04-14T11:58:12Z] check tag=v1.0.7 status=401
[2026-04-14T11:58:12Z] check tag=staging status=401
[2026-04-14T11:58:12Z] check tag=latest status=401
[2026-04-14T11:58:42Z] check tag=v1.0.7 status=401
[2026-04-14T11:58:42Z] check tag=staging status=401
[2026-04-14T11:58:42Z] check tag=latest status=401
[2026-04-14T11:59:13Z] check tag=v1.0.7 status=401
[2026-04-14T11:59:13Z] check tag=staging status=401
[2026-04-14T11:59:13Z] check tag=latest status=401
[2026-04-14T11:59:43Z] check tag=v1.0.7 status=401
[2026-04-14T11:59:43Z] check tag=staging status=401
[2026-04-14T11:59:44Z] check tag=latest status=401
[2026-04-14T12:00:15Z] check tag=v1.0.7 status=401
[2026-04-14T12:00:15Z] check tag=staging status=401
[2026-04-14T12:00:16Z] check tag=latest status=401
[2026-04-14T12:00:46Z] check tag=v1.0.7 status=401
[2026-04-14T12:00:46Z] check tag=staging status=401
[2026-04-14T12:00:47Z] check tag=latest status=401
[2026-04-14T12:01:17Z] check tag=v1.0.7 status=401
[2026-04-14T12:01:17Z] check tag=staging status=401
[2026-04-14T12:01:17Z] check tag=latest status=401
[2026-04-14T12:01:47Z] check tag=v1.0.7 status=401
[2026-04-14T12:01:48Z] check tag=staging status=401
[2026-04-14T12:01:48Z] check tag=latest status=401
[2026-04-14T12:02:18Z] check tag=v1.0.7 status=401
[2026-04-14T12:02:18Z] check tag=staging status=401
[2026-04-14T12:02:18Z] check tag=latest status=401
[2026-04-14T12:02:48Z] check tag=v1.0.7 status=401
[2026-04-14T12:02:49Z] check tag=staging status=401
[2026-04-14T12:02:49Z] check tag=latest status=401
[Tue Apr 14 12:03:19 UTC 2026] timeout waiting for GHCR manifest
